
[1m[94m
╔═══════════════════════════════════════════════════════════════════╗
║                                                                   ║
║           Stock Radar Spark - 정합성 테스트 시스템               ║
║                                                                   ║
╚═══════════════════════════════════════════════════════════════════╝
[0m


[1m[94m======================================================================[0m
[1m[94m                             1. 환경 설정 테스트                             [0m
[1m[94m======================================================================[0m

[1m🔍 .env 파일 확인[0m
   [92m✅ .env 파일 존재: C:\10_stock_radar_spark\backend\.env[0m
[1m🔍 필수 환경 변수 확인[0m
   [92m✅ KIS_APP_KEY: **********... (36 자)[0m
   [92m✅ KIS_APP_SECRET: **********... (180 자)[0m
   [91m❌ KIS_ACCOUNT_NO: 설정되지 않음[0m
   [91m❌ KIS_ACCOUNT_CODE: 설정되지 않음[0m

[1m[94m======================================================================[0m
[1m[94m                            2. 의존성 패키지 테스트                            [0m
[1m[94m======================================================================[0m

[1m🔍 Python 버전 확인[0m
   [94mℹ️  Python 3.10.8[0m
[1m🔍 필수 패키지 확인[0m
   [91m❌ flask 설치 필요[0m
   [92m✅ requests 설치됨[0m
   [92m✅ pandas 설치됨[0m
   [92m✅ numpy 설치됨[0m
   [92m✅ python-dotenv 설치됨[0m
   [92m✅ beautifulsoup4 설치됨[0m
   [92m✅ lxml 설치됨[0m
   [92m✅ pytz 설치됨[0m
   [94mℹ️  pip install -r requirements.txt[0m

[1m[94m======================================================================[0m
[1m[94m                             3. 파일 구조 테스트                             [0m
[1m[94m======================================================================[0m

[1m🔍 핵심 파일 존재 확인[0m
   [92m✅ server.py[0m
   [92m✅ server_v2.py[0m
   [92m✅ scheduler.py[0m
   [92m✅ requirements.txt[0m
   [92m✅ services/korea_investment_api.py[0m
   [92m✅ services/scoring_engine.py[0m
   [92m✅ services/technical_analysis_service.py[0m
   [92m✅ services/us_stock_service.py[0m

[1m[94m======================================================================[0m
[1m[94m                         4. API 모듈 Import 테스트                         [0m
[1m[94m======================================================================[0m

[1m🔍 services.korea_investment_api.KoreaInvestmentAPI[0m
   [92m✅ Import 성공: KoreaInvestmentAPI[0m
[1m🔍 services.scoring_engine.ScoringEngine[0m
   [92m✅ Import 성공: ScoringEngine[0m
[1m🔍 services.technical_analysis_service.TechnicalAnalysisService[0m
   [92m✅ Import 성공: TechnicalAnalysisService[0m
[1m🔍 services.us_stock_service.USStockService[0m
   [92m✅ Import 성공: USStockService[0m

[1m[94m======================================================================[0m
[1m[94m                          5. 한국투자증권 API 테스트                           [0m
[1m[94m======================================================================[0m

[1m🔍 API 인스턴스 생성[0m
⚠️  모의투자 서버 사용 중
   [92m✅ 인스턴스 생성 완료[0m
[1m🔍 API 키 확인[0m
   [94mℹ️  APP_KEY: PSVPqsYslq... (36자)[0m
   [94mℹ️  APP_SECRET: 614neRBEBc... (180자)[0m
[1m🔍 Access Token 발급[0m
   [91m❌ API 테스트 실패: 403 Client Error: Forbidden for url: https://openapivts.koreainvestment.com:9443/oauth2/tokenP[0m

[1m[94m======================================================================[0m
[1m[94m                            6. 스코어링 엔진 테스트                            [0m
[1m[94m======================================================================[0m

[1m🔍 스코어링 엔진 인스턴스 생성[0m
   [92m✅ 인스턴스 생성 완료[0m
[1m🔍 테스트 데이터 스코어링[0m
   [94mℹ️  스코어링 로직 존재 확인[0m
   [92m✅ 스코어링 엔진 정상[0m

[1m[94m======================================================================[0m
[1m[94m                          7. 기술적 분석 서비스 테스트                           [0m
[1m[94m======================================================================[0m

[1m🔍 기술적 분석 서비스 인스턴스 생성[0m
⚠️  모의투자 서버 사용 중
   [92m✅ 인스턴스 생성 완료[0m
   [94mℹ️  기술적 분석 모듈 로드 성공[0m

[1m[94m======================================================================[0m
[1m[94m                           8. 미국 주식 서비스 테스트                           [0m
[1m[94m======================================================================[0m

[1m🔍 미국 주식 서비스 인스턴스 생성[0m
   [92m✅ 인스턴스 생성 완료[0m
[1m🔍 미국 주식 데이터 처리 테스트[0m
   [94mℹ️  미국 주식 서비스 로드 성공[0m

[1m[94m======================================================================[0m
[1m[94m                           9. 데이터 디렉토리 테스트                            [0m
[1m[94m======================================================================[0m

[1m🔍 data 디렉토리 확인[0m
   [92m✅ data 존재[0m
   [94mℹ️  0개 파일 존재[0m
[1m🔍 output 디렉토리 확인[0m
   [92m✅ output 존재[0m
   [94mℹ️  0개 파일 존재[0m
[1m🔍 logs 디렉토리 확인[0m
   [92m✅ logs 존재[0m
   [94mℹ️  0개 파일 존재[0m

[1m[94m======================================================================[0m
[1m[94m                            정합성 테스트 결과 리포트                            [0m
[1m[94m======================================================================[0m

[1m테스트 수행 시각:[0m 2026-02-18 22:28:23
[1m총 테스트 항목:[0m 10

[92m[1m✅ 통과 (7):[0m
   [92m•[0m 환경 파일 존재
   [92m•[0m 파일 구조 정상
   [92m•[0m 모든 모듈 import 성공
   [92m•[0m 스코어링 엔진 정상
   [92m•[0m 기술적 분석 서비스 정상
   [92m•[0m 미국 주식 서비스 정상
   [92m•[0m 데이터 디렉토리 확인 완료

[91m[1m❌ 실패 (3):[0m
   [91m•[0m 환경 변수 누락
   [91m•[0m 패키지 누락
   [91m•[0m KIS API 오류: 403 Client Error: Forbidden for url: https://openapivts.koreainvestment.com:9443/oauth2/tokenP

[1m성공률:[0m 70.0%

[91m[1m❌ 중요한 문제가 발견되었습니다. 위 실패 항목을 확인하세요.[0m

[94m======================================================================[0m

